#
# There is insufficient memory for the Java Runtime Environment to continue.
# Native memory allocation (mmap) failed to map 123731968 bytes. Error detail: G1 virtual space
# Possible reasons:
#   The system is out of physical RAM or swap space
#   This process is running with CompressedOops enabled, and the Java Heap may be blocking the growth of the native heap
# Possible solutions:
#   Reduce memory load on the system
#   Increase physical memory or swap space
#   Check if swap backing store is full
#   Decrease Java heap size (-Xmx/-Xms)
#   Decrease number of Java threads
#   Decrease Java thread stack sizes (-Xss)
#   Set larger code cache with -XX:ReservedCodeCacheSize=
#   JVM is running with Unscaled Compressed Oops mode in which the Java heap is
#     placed in the first 4GB address space. The Java Heap base address is the
#     maximum limit for the native heap growth. Please use -XX:HeapBaseMinAddress
#     to set the Java Heap base and to place the Java Heap above 4GB virtual address.
# This output file may be truncated or incomplete.
#
#  Out of Memory Error (os_windows.cpp:3631), pid=20580, tid=29096
#
# JRE version:  (22.0+36) (build )
# Java VM: Java HotSpot(TM) 64-Bit Server VM (22+36-2370, mixed mode, sharing, tiered, compressed oops, compressed class ptrs, g1 gc, windows-amd64)
# No core dump will be written. Minidumps are not enabled by default on client versions of Windows
#

---------------  S U M M A R Y ------------

Command Line: -Dnet.bytebuddy.agent.attacher.dump= net.bytebuddy.agent.Attacher com.sun.tools.attach.VirtualMachine 23480 C:\Users\amitr\.m2\repository\net\bytebuddy\byte-buddy-agent\1.14.18\byte-buddy-agent-1.14.18.jar false 

Host: AMD Ryzen 5 5600H with Radeon Graphics         , 12 cores, 7G,  Windows 11 , 64 bit Build 26100 (10.0.26100.5074)
Time: Wed Jul 29 15:30:18 2026 India Standard Time elapsed time: 0.034297 seconds (0d 0h 0m 0s)

---------------  T H R E A D  ---------------

Current thread (0x000001c61d4ee550):  JavaThread "Unknown thread" [_thread_in_vm, id=29096, stack(0x0000000cb2a00000,0x0000000cb2b00000) (1024K)]

Stack: [0x0000000cb2a00000,0x0000000cb2b00000]
Native frames: (J=compiled Java code, j=interpreted, Vv=VM code, C=native code)
V  [jvm.dll+0x6e2349]  (no source info available)
V  [jvm.dll+0x874ed3]  (no source info available)
V  [jvm.dll+0x8772fe]  (no source info available)
V  [jvm.dll+0x8779d3]  (no source info available)
V  [jvm.dll+0x27fcb6]  (no source info available)
V  [jvm.dll+0x6de9e5]  (no source info available)
V  [jvm.dll+0x6d34ea]  (no source info available)
V  [jvm.dll+0x35892a]  (no source info available)
V  [jvm.dll+0x360e56]  (no source info available)
V  [jvm.dll+0x3b3d7e]  (no source info available)
V  [jvm.dll+0x3b4028]  (no source info available)
V  [jvm.dll+0x32c4ec]  (no source info available)
V  [jvm.dll+0x32d0a8]  (no source info available)
V  [jvm.dll+0x83cd9c]  (no source info available)
V  [jvm.dll+0x3c0cc1]  (no source info available)
V  [jvm.dll+0x825d8c]  (no source info available)
V  [jvm.dll+0x45b9ee]  (no source info available)
V  [jvm.dll+0x45d871]  (no source info available)
C  [jli.dll+0x52a3]  (no source info available)
C  [ucrtbase.dll+0x37b0]  (no source info available)
C  [KERNEL32.DLL+0x2e8d7]  (no source info available)
C  [ntdll.dll+0x8d9c]  (no source info available)


---------------  P R O C E S S  ---------------

Threads class SMR info:
_java_thread_list=0x00007ffec1c5c1c8, length=0, elements={
}

Java Threads: ( => current thread )
Total: 0

Other Threads:
  0x000001c61f93bde0 WorkerThread "GC Thread#0"                     [id=11824, stack(0x0000000cb2b00000,0x0000000cb2c00000) (1024K)]
  0x000001c61f94b8d0 ConcurrentGCThread "G1 Main Marker"            [id=30372, stack(0x0000000cb2c00000,0x0000000cb2d00000) (1024K)]
  0x000001c61f94c3e0 WorkerThread "G1 Conc#0"                       [id=12284, stack(0x0000000cb2d00000,0x0000000cb2e00000) (1024K)]

[error occurred during error reporting (printing all threads), id 0xc0000005, EXCEPTION_ACCESS_VIOLATION (0xc0000005) at pc=0x00007ffec13af2b7]
VM state: not at safepoint (not fully initialized)

VM Mutex/Monitor currently owned by a thread:  ([mutex/lock_event])
[0x00007ffec1cdccc8] Heap_lock - owner thread: 0x000001c61d4ee550

Heap address: 0x000000008a800000, size: 1880 MB, Compressed Oops mode: 32-bit

CDS archive(s) mapped at: [0x0000000000000000-0x0000000000000000-0x0000000000000000), size 0, SharedBaseAddress: 0x0000000800000000, ArchiveRelocationMode: 1.
Narrow klass base: 0x0000000000000000, Narrow klass shift: 0, Narrow klass range: 0x0

GC Precious Log:
 CardTable entry size: 512
 Card Set container configuration: InlinePtr #cards 5 size 8 Array Of Cards #cards 12 size 40 Howl #buckets 4 coarsen threshold 1843 Howl Bitmap #cards 512 size 80 coarsen threshold 460 Card regions per heap region 1 cards per card region 2048

Heap:
 garbage-first heap   total reserved 1925120K, committed 0K, used 0K [0x000000008a800000, 0x0000000100000000)
  region size 1024K, 0 young (0K), 0 survivors (0K)

[error occurred during error reporting (printing heap information), id 0xc0000005, EXCEPTION_ACCESS_VIOLATION (0xc0000005) at pc=0x00007ffec17ae4e9]
GC Heap History (0 events):
No events

Dll operation events (1 events):
Event: 0.020 Loaded shared library C:\Program Files\Java\jdk-22\bin\java.dll

Deoptimization events (0 events):
No events

Classes loaded (0 events):
No events

Classes unloaded (0 events):
No events

Classes redefined (0 events):
No events

Internal exceptions (0 events):
No events

ZGC Phase Switch (0 events):
No events

VM Operations (0 events):
No events

Events (0 events):
No events


Dynamic libraries:
0x00007ff668340000 - 0x00007ff668350000 	C:\Program Files\Java\jdk-22\bin\java.exe
0x00007fffdc960000 - 0x00007fffdcbc9000 	C:\WINDOWS\SYSTEM32\ntdll.dll
0x00007fffdc020000 - 0x00007fffdc0e9000 	C:\WINDOWS\System32\KERNEL32.DLL
0x00007fffda010000 - 0x00007fffda403000 	C:\WINDOWS\System32\KERNELBASE.dll
0x00007fffd9e90000 - 0x00007fffd9fdb000 	C:\WINDOWS\System32\ucrtbase.dll
0x00007fffbf3d0000 - 0x00007fffbf3eb000 	C:\Program Files\Java\jdk-22\bin\VCRUNTIME140.dll
0x00007fffcca00000 - 0x00007fffcca17000 	C:\Program Files\Java\jdk-22\bin\jli.dll
0x00007fffdc470000 - 0x00007fffdc524000 	C:\WINDOWS\System32\ADVAPI32.dll
0x00007fffdae80000 - 0x00007fffdaf29000 	C:\WINDOWS\System32\msvcrt.dll
0x00007fffdc830000 - 0x00007fffdc8d6000 	C:\WINDOWS\System32\sechost.dll
0x00007fffdc540000 - 0x00007fffdc658000 	C:\WINDOWS\System32\RPCRT4.dll
0x00007fffdc2a0000 - 0x00007fffdc464000 	C:\WINDOWS\System32\USER32.dll
0x00007fffd9fe0000 - 0x00007fffda007000 	C:\WINDOWS\System32\win32u.dll
0x00007fffdbb60000 - 0x00007fffdbb8b000 	C:\WINDOWS\System32\GDI32.dll
0x00007fffda4b0000 - 0x00007fffda5dd000 	C:\WINDOWS\System32\gdi32full.dll
0x00007fffbee80000 - 0x00007fffbf113000 	C:\WINDOWS\WinSxS\amd64_microsoft.windows.common-controls_6595b64144ccf1df_6.0.26100.5074_none_3e0d6f78e32fd63f\COMCTL32.dll
0x00007fffd9af0000 - 0x00007fffd9b93000 	C:\WINDOWS\System32\msvcp_win.dll
0x00007fffd3610000 - 0x00007fffd361b000 	C:\WINDOWS\SYSTEM32\VERSION.dll
0x00007fffdc8e0000 - 0x00007fffdc90f000 	C:\WINDOWS\System32\IMM32.DLL
0x00007fffcf990000 - 0x00007fffcf99c000 	C:\Program Files\Java\jdk-22\bin\vcruntime140_1.dll
0x00007ffface20000 - 0x00007fffaceae000 	C:\Program Files\Java\jdk-22\bin\msvcp140.dll
0x00007ffec1070000 - 0x00007ffec1db8000 	C:\Program Files\Java\jdk-22\bin\server\jvm.dll
0x00007fffdb2c0000 - 0x00007fffdb334000 	C:\WINDOWS\System32\WS2_32.dll
0x00007fffd35d0000 - 0x00007fffd3605000 	C:\WINDOWS\SYSTEM32\WINMM.dll
0x00007fffd9950000 - 0x00007fffd99ae000 	C:\WINDOWS\SYSTEM32\POWRPROF.dll
0x00007fffd9930000 - 0x00007fffd9944000 	C:\WINDOWS\SYSTEM32\UMPDC.dll
0x00007fffd88d0000 - 0x00007fffd88eb000 	C:\WINDOWS\SYSTEM32\kernel.appcore.dll
0x00007fffc5110000 - 0x00007fffc511a000 	C:\Program Files\Java\jdk-22\bin\jimage.dll
0x00007fffcd970000 - 0x00007fffcdbb2000 	C:\WINDOWS\SYSTEM32\DBGHELP.DLL
0x00007fffdb7e0000 - 0x00007fffdbb5b000 	C:\WINDOWS\System32\combase.dll
0x00007fffdc6e0000 - 0x00007fffdc7b7000 	C:\WINDOWS\System32\OLEAUT32.dll
0x00007fffb87a0000 - 0x00007fffb87dd000 	C:\WINDOWS\SYSTEM32\dbgcore.DLL
0x00007fffda410000 - 0x00007fffda4a9000 	C:\WINDOWS\System32\bcryptPrimitives.dll
0x00007fffbf3b0000 - 0x00007fffbf3ce000 	C:\Program Files\Java\jdk-22\bin\java.dll
0x00007fffda730000 - 0x00007fffdae7d000 	C:\WINDOWS\System32\SHELL32.dll
0x00007fffd9ba0000 - 0x00007fffd9d0c000 	C:\WINDOWS\System32\wintypes.dll
0x00007fffdaf80000 - 0x00007fffdb118000 	C:\WINDOWS\System32\ole32.dll

dbghelp: loaded successfully - version: 4.0.5 - missing functions: none
symbol engine: initialized successfully - sym options: 0x614 - pdb path: .;C:\Program Files\Java\jdk-22\bin;C:\WINDOWS\SYSTEM32;C:\WINDOWS\WinSxS\amd64_microsoft.windows.common-controls_6595b64144ccf1df_6.0.26100.5074_none_3e0d6f78e32fd63f;C:\Program Files\Java\jdk-22\bin\server

VM Arguments:
jvm_args: -Dnet.bytebuddy.agent.attacher.dump= 
java_command: net.bytebuddy.agent.Attacher com.sun.tools.attach.VirtualMachine 23480 C:\Users\amitr\.m2\repository\net\bytebuddy\byte-buddy-agent\1.14.18\byte-buddy-agent-1.14.18.jar false 
java_class_path (initial): C:\Users\amitr\.m2\repository\net\bytebuddy\byte-buddy-agent\1.14.18\byte-buddy-agent-1.14.18.jar
Launcher Type: SUN_STANDARD

[Global flags]
     intx CICompilerCount                          = 4                                         {product} {ergonomic}
     uint ConcGCThreads                            = 3                                         {product} {ergonomic}
     uint G1ConcRefinementThreads                  = 10                                        {product} {ergonomic}
   size_t G1HeapRegionSize                         = 1048576                                   {product} {ergonomic}
   size_t InitialHeapSize                          = 123731968                                 {product} {ergonomic}
   size_t MarkStackSize                            = 4194304                                   {product} {ergonomic}
   size_t MaxHeapSize                              = 1971322880                                {product} {ergonomic}
   size_t MinHeapDeltaBytes                        = 1048576                                   {product} {ergonomic}
   size_t MinHeapSize                              = 8388608                                   {product} {ergonomic}
    uintx NonNMethodCodeHeapSize                   = 5839372                                {pd product} {ergonomic}
    uintx NonProfiledCodeHeapSize                  = 122909434                              {pd product} {ergonomic}
    uintx ProfiledCodeHeapSize                     = 122909434                              {pd product} {ergonomic}
    uintx ReservedCodeCacheSize                    = 251658240                              {pd product} {ergonomic}
     bool SegmentedCodeCache                       = true                                      {product} {ergonomic}
   size_t SoftMaxHeapSize                          = 1971322880                             {manageable} {ergonomic}
     bool UseCompressedOops                        = true                           {product lp64_product} {ergonomic}
     bool UseG1GC                                  = true                                      {product} {ergonomic}
     bool UseLargePagesIndividualAllocation        = false                                  {pd product} {ergonomic}

Logging:
Log output configuration:
 #0: stdout all=warning uptime,level,tags foldmultilines=false
 #1: stderr all=off uptime,level,tags foldmultilines=false

Environment Variables:
JAVA_HOME=C:\Program Files\Java\jdk-22
PATH=C:\Python314\Scripts\;C:\Python314\;C:\Program Files\Common Files\Oracle\Java\javapath;C:\windows\system32;C:\windows;C:\windows\System32\Wbem;C:\windows\System32\WindowsPowerShell\v1.0\;C:\windows\System32\OpenSSH\;C:\Program Files\Java\jdk-22\bin;C:\Program Files\Amazon\AWSCLI\bin\;C:\MinGW\bin;C:\Program Files\Git\cmd;C:\Program Files\Kubernetes\Minikube;C:\Python3x\;C:\Python3x\Scripts\;C:\Users\amitr\AppData\Local\Programs\Python\Python313;C:\Users\amitr\AppData\Local\Programs\Python\Python313\Scripts\;C:\WINDOWS\system32;C:\WINDOWS;C:\WINDOWS\System32\Wbem;C:\WINDOWS\System32\WindowsPowerShell\v1.0\;C:\WINDOWS\System32\OpenSSH\;C:\Program Files\nodejs\;C:\ProgramData\chocolatey\bin;search-ms:displayname=Search%20Results%20in%20MongoDB%20Compass&crumb=location:C%3A%5CProgram%20Files%5CMongoDB%20Compass\bin;E:\MongoDB\mongosh-2.8.2-win32-x64\bin;C:\Program Files\Apache\maven\bin;C:\Users\amitr\AppData\Local\Programs\Python\Launcher\;C:\Users\amitr\AppData\Local\Microsoft\WindowsApps;C:\Program Files\Salesforce CLI\bin;C:\Program Files\JetBrains\IntelliJ IDEA 2024.1\bin;C:\Program Files\JetBrains\IntelliJ IDEA Community Edition 2024.1\bin;C:\Program Files\sf\bin;C:\Users\amitr\AppData\Roaming\npm;C:\Users\amitr\go\bin;D:\DataGrip 2025.2.4\bin;E:\sf\bin;E:\WebStorm 2025.3.1\bin;E:\MongoDB\;E:\MongoDB\Microsoft VS Code\bin
USERNAME=amitr
OS=Windows_NT
PROCESSOR_IDENTIFIER=AMD64 Family 25 Model 80 Stepping 0, AuthenticAMD
TMP=C:\Users\amitr\AppData\Local\Temp
TEMP=C:\Users\amitr\AppData\Local\Temp




Periodic native trim disabled

---------------  S Y S T E M  ---------------

OS:
 Windows 11 , 64 bit Build 26100 (10.0.26100.5074)
OS uptime: 0 days 7:25 hours
Hyper-V role detected

CPU: total 12 (initial active 12) (12 cores per cpu, 2 threads per core) family 25 model 80 stepping 0 microcode 0xa50000f, cx8, cmov, fxsr, ht, mmx, 3dnowpref, sse, sse2, sse3, ssse3, sse4a, sse4.1, sse4.2, popcnt, lzcnt, tsc, tscinvbit, avx, avx2, aes, erms, clmul, bmi1, bmi2, adx, sha, fma, vzeroupper, clflush, clflushopt, hv, rdtscp, rdpid, fsrm, f16c, cet_ss
Processor Information for all 12 processors :
  Max Mhz: 3301, Current Mhz: 2011, Mhz Limit: 3301

Memory: 4k page, system-wide physical 7518M (910M free)
TotalPageFile size 22421M (AvailPageFile size 61M)
current process WorkingSet (physical memory assigned to process): 13M, peak: 13M
current process commit charge ("private bytes"): 64M, peak: 182M

vm_info: Java HotSpot(TM) 64-Bit Server VM (22+36-2370) for windows-amd64 JRE (22+36-2370), built on 2024-02-15T22:15:19Z by "mach5one" with MS VC++ 17.6 (VS2022)

END.
